
> fairplay-nil@1.0.0 test:e2e:auth
> playwright test --project=chromium-auth --grep valuation-deal-flow

🔐 Setting up authentication for Playwright tests...
🔐 Need to authenticate...
✅ Authentication successful - redirected to dashboard
💾 Authentication state saved

Running 1 test using 1 worker

[1A[2K[1/1] [chromium-auth] › tests/valuation-deal-flow.spec.js:17:3 › Deal Valuation Analysis - Complete Flow Testing › Complete Deal Valuation Analysis Flow - End-to-End
[1A[2K[chromium-auth] › tests/valuation-deal-flow.spec.js:17:3 › Deal Valuation Analysis - Complete Flow Testing › Complete Deal Valuation Analysis Flow - End-to-End
🎯 DEAL VALUATION ANALYSIS: Testing complete flow from dashboard to dashboard...

[1A[2K✅ Navigated to dashboard

[1A[2K🔐 Need to log in...

[1A[2K✅ Logged in successfully

[1A[2K📊 Selecting Deal Valuation Analysis...

[1A[2K🔢 Found 3 "Get Started" buttons

[1A[2K✅ Clicked Deal Valuation Analysis "Get Started" button (3rd button)

[1A[2K✅ Selected Deal Valuation Analysis

[1A[2K📱 Filling social media information...

[1A[2K✅ Found Continue button

[1A[2K✅ Clicked Continue button

[1A[2K✅ Successfully navigated to Deal Terms step

[1A[2K📋 Filling deal terms...

[1A[2K✅ Filled deal nickname

[1A[2K✅ Closed social media confirmation popup

[1A[2K✅ Clicked Next button

[1A[2K✅ Successfully navigated to Payor Info step

[1A[2K🏢 Filling payor information...

[1A[2K✅ Selected Business radio button

[1A[2K✅ Filled company name field

[1A[2K✅ Clicked Next button, waiting for navigation...

[1A[2K✅ Successfully navigated to Activities step

[1A[2K📋 Selecting activities...

[1A[2K✅ Selected Social Media activity

[1A[2K🔘 Next button enabled: true

[1A[2K✅ Clicked Next button, waiting for navigation...

[1A[2K✅ Successfully navigated to Activity Form step

[1A[2K📱 Filling social media activity form...

[1A[2K✅ Selected Instagram platform

[1A[2K✅ Successfully navigated to Compliance step

[1A[2K📝 Filling compliance questions...

[1A[2K🔍 Debugging compliance page elements...

[1A[2K🔢 "No" options found: 0

[1A[2K🔢 Radio buttons found: 0

[1A[2K🔢 Radio labels found: 3

[1A[2K🔢 Radio groups found: 0

[1A[2K🔄 Trying direct text approach...

[1A[2K🔢 All "No" texts found: 0

[1A[2K🔘 Continue button enabled: true

[1A[2K✅ Clicked Continue button, waiting for navigation...

[1A[2K📍 URL after Continue: https://fairplay-nil.vercel.app/add/deal/compliance/443?type=valuation

[1A[2K  1) [chromium-auth] › tests/valuation-deal-flow.spec.js:17:3 › Deal Valuation Analysis - Complete Flow Testing › Complete Deal Valuation Analysis Flow - End-to-End 

    Error: [2mexpect([22m[31mreceived[39m[2m).[22mtoMatch[2m([22m[32mexpected[39m[2m)[22m

    Expected pattern: [32m/\/add\/deal\/compensation\/\d+/[39m
    Received string:  [31m"https://fairplay-nil.vercel.app/add/deal/compliance/443?type=valuation"[39m

      300 |       const newUrl = page.url();
      301 |       console.log(`📍 URL after Continue: ${newUrl}`);
    > 302 |       expect(newUrl).toMatch(/\/add\/deal\/compensation\/\d+/);
          |                      ^
      303 |       console.log('✅ Successfully navigated to Compensation step');
      304 |     } else {
      305 |       console.log('❌ Continue button not found or not enabled');
        at /Users/justinwachtel/Downloads/fairplay-nil/frontend/tests/valuation-deal-flow.spec.js:302:22

    attachment #1: screenshot (image/png) ──────────────────────────────────────────────────────────
    test-results/valuation-deal-flow-Deal-V-44039--Analysis-Flow---End-to-End-chromium-auth/test-failed-1.png
    ────────────────────────────────────────────────────────────────────────────────────────────────

    attachment #2: video (video/webm) ──────────────────────────────────────────────────────────────
    test-results/valuation-deal-flow-Deal-V-44039--Analysis-Flow---End-to-End-chromium-auth/video.webm
    ────────────────────────────────────────────────────────────────────────────────────────────────

    Error Context: test-results/valuation-deal-flow-Deal-V-44039--Analysis-Flow---End-to-End-chromium-auth/error-context.md


[1A[2K  1 failed
    [chromium-auth] › tests/valuation-deal-flow.spec.js:17:3 › Deal Valuation Analysis - Complete Flow Testing › Complete Deal Valuation Analysis Flow - End-to-End 

[36m  Serving HTML report at http://localhost:9323. Press Ctrl+C to quit.[39m
